------------------------------------------------------------
Timing Analyzer Summary
------------------------------------------------------------

Type  : Slow 1200mV 85C Model Setup 'inst8|altpll_component|auto_generated|pll1|clk[0]'
Slack : 17.412
TNS   : 0.000

Type  : Slow 1200mV 85C Model Hold 'inst8|altpll_component|auto_generated|pll1|clk[0]'
Slack : 0.253
TNS   : 0.000

Type  : Slow 1200mV 85C Model Minimum Pulse Width 'MAX10_CLK1_50'
Slack : 9.851
TNS   : 0.000

Type  : Slow 1200mV 85C Model Minimum Pulse Width 'inst8|altpll_component|auto_generated|pll1|clk[0]'
Slack : 19.570
TNS   : 0.000

Type  : Slow 1200mV 0C Model Setup 'inst8|altpll_component|auto_generated|pll1|clk[0]'
Slack : 19.246
TNS   : 0.000

Type  : Slow 1200mV 0C Model Hold 'inst8|altpll_component|auto_generated|pll1|clk[0]'
Slack : 0.255
TNS   : 0.000

Type  : Slow 1200mV 0C Model Minimum Pulse Width 'MAX10_CLK1_50'
Slack : 9.798
TNS   : 0.000

Type  : Slow 1200mV 0C Model Minimum Pulse Width 'inst8|altpll_component|auto_generated|pll1|clk[0]'
Slack : 19.590
TNS   : 0.000

Type  : Fast 1200mV 0C Model Setup 'inst8|altpll_component|auto_generated|pll1|clk[0]'
Slack : 30.262
TNS   : 0.000

Type  : Fast 1200mV 0C Model Hold 'inst8|altpll_component|auto_generated|pll1|clk[0]'
Slack : 0.097
TNS   : 0.000

Type  : Fast 1200mV 0C Model Minimum Pulse Width 'MAX10_CLK1_50'
Slack : 9.660
TNS   : 0.000

Type  : Fast 1200mV 0C Model Minimum Pulse Width 'inst8|altpll_component|auto_generated|pll1|clk[0]'
Slack : 19.711
TNS   : 0.000

------------------------------------------------------------
