Analysis & Synthesis report for FPGA_mandelbrot_explorer
Sun Jul 05 17:00:14 2026
Quartus Prime Version 18.1.0 Build 625 09/12/2018 SJ Lite Edition


---------------------
; Table of Contents ;
---------------------
  1. Legal Notice
  2. Analysis & Synthesis Summary
  3. Analysis & Synthesis Settings
  4. Parallel Compilation
  5. Analysis & Synthesis Source Files Read
  6. Analysis & Synthesis Resource Usage Summary
  7. Analysis & Synthesis Resource Utilization by Entity
  8. Analysis & Synthesis RAM Summary
  9. Analysis & Synthesis DSP Block Usage Summary
 10. Analysis & Synthesis IP Cores Summary
 11. Registers Removed During Synthesis
 12. General Register Statistics
 13. Inverted Register Statistics
 14. Multiplexer Restructuring Statistics (Restructuring Performed)
 15. Source assignments for memory:inst4|altsyncram:altsyncram_component|altsyncram_18q3:auto_generated
 16. Parameter Settings for User Entity Instance: line_scheduler:inst2
 17. Parameter Settings for User Entity Instance: VGA_drvr:inst3
 18. Parameter Settings for User Entity Instance: memory:inst4|altsyncram:altsyncram_component
 19. Parameter Settings for User Entity Instance: coordinate_generator:inst1
 20. Parameter Settings for Inferred Entity Instance: coordinate_generator:inst1|lpm_mult:Mult1
 21. Parameter Settings for Inferred Entity Instance: coordinate_generator:inst1|lpm_mult:Mult0
 22. altsyncram Parameter Settings by Entity Instance
 23. lpm_mult Parameter Settings by Entity Instance
 24. Post-Synthesis Netlist Statistics for Top Partition
 25. Elapsed Time Per Partition
 26. Analysis & Synthesis Messages



----------------
; Legal Notice ;
----------------
Copyright (C) 2018  Intel Corporation. All rights reserved.
Your use of Intel Corporation's design tools, logic functions 
and other software and tools, and its AMPP partner logic 
functions, and any output files from any of the foregoing 
(including device programming or simulation files), and any 
associated documentation or information are expressly subject 
to the terms and conditions of the Intel Program License 
Subscription Agreement, the Intel Quartus Prime License Agreement,
the Intel FPGA IP License Agreement, or other applicable license
agreement, including, without limitation, that your use is for
the sole purpose of programming logic devices manufactured by
Intel and sold by Intel or its authorized distributors.  Please
refer to the applicable agreement for further details.



+----------------------------------------------------------------------------------+
; Analysis & Synthesis Summary                                                     ;
+------------------------------------+---------------------------------------------+
; Analysis & Synthesis Status        ; Successful - Sun Jul 05 17:00:13 2026       ;
; Quartus Prime Version              ; 18.1.0 Build 625 09/12/2018 SJ Lite Edition ;
; Revision Name                      ; FPGA_mandelbrot_explorer                    ;
; Top-level Entity Name              ; FPGA_mandelbrot_explorer                    ;
; Family                             ; MAX 10                                      ;
; Total logic elements               ; 432                                         ;
;     Total combinational functions  ; 400                                         ;
;     Dedicated logic registers      ; 160                                         ;
; Total registers                    ; 160                                         ;
; Total pins                         ; 160                                         ;
; Total virtual pins                 ; 0                                           ;
; Total memory bits                  ; 589,824                                     ;
; Embedded Multiplier 9-bit elements ; 8                                           ;
; Total PLLs                         ; 0                                           ;
; UFM blocks                         ; 0                                           ;
; ADC blocks                         ; 0                                           ;
+------------------------------------+---------------------------------------------+


+------------------------------------------------------------------------------------------------------------------------+
; Analysis & Synthesis Settings                                                                                          ;
+------------------------------------------------------------------+--------------------------+--------------------------+
; Option                                                           ; Setting                  ; Default Value            ;
+------------------------------------------------------------------+--------------------------+--------------------------+
; Device                                                           ; 10M50DAF484C7G           ;                          ;
; Top-level entity name                                            ; FPGA_mandelbrot_explorer ; FPGA_mandelbrot_explorer ;
; Family name                                                      ; MAX 10                   ; Cyclone V                ;
; VHDL Show LMF Mapping Messages                                   ; Off                      ;                          ;
; VHDL Version                                                     ; VHDL_2008                ; VHDL_1993                ;
; Use smart compilation                                            ; Off                      ; Off                      ;
; Enable parallel Assembler and Timing Analyzer during compilation ; On                       ; On                       ;
; Enable compact report table                                      ; Off                      ; Off                      ;
; Restructure Multiplexers                                         ; Auto                     ; Auto                     ;
; Create Debugging Nodes for IP Cores                              ; Off                      ; Off                      ;
; Preserve fewer node names                                        ; On                       ; On                       ;
; Intel FPGA IP Evaluation Mode                                    ; Enable                   ; Enable                   ;
; Verilog Version                                                  ; Verilog_2001             ; Verilog_2001             ;
; State Machine Processing                                         ; Auto                     ; Auto                     ;
; Safe State Machine                                               ; Off                      ; Off                      ;
; Extract Verilog State Machines                                   ; On                       ; On                       ;
; Extract VHDL State Machines                                      ; On                       ; On                       ;
; Ignore Verilog initial constructs                                ; Off                      ; Off                      ;
; Iteration limit for constant Verilog loops                       ; 5000                     ; 5000                     ;
; Iteration limit for non-constant Verilog loops                   ; 250                      ; 250                      ;
; Add Pass-Through Logic to Inferred RAMs                          ; On                       ; On                       ;
; Infer RAMs from Raw Logic                                        ; On                       ; On                       ;
; Parallel Synthesis                                               ; On                       ; On                       ;
; DSP Block Balancing                                              ; Auto                     ; Auto                     ;
; NOT Gate Push-Back                                               ; On                       ; On                       ;
; Power-Up Don't Care                                              ; On                       ; On                       ;
; Remove Redundant Logic Cells                                     ; Off                      ; Off                      ;
; Remove Duplicate Registers                                       ; On                       ; On                       ;
; Ignore CARRY Buffers                                             ; Off                      ; Off                      ;
; Ignore CASCADE Buffers                                           ; Off                      ; Off                      ;
; Ignore GLOBAL Buffers                                            ; Off                      ; Off                      ;
; Ignore ROW GLOBAL Buffers                                        ; Off                      ; Off                      ;
; Ignore LCELL Buffers                                             ; Off                      ; Off                      ;
; Ignore SOFT Buffers                                              ; On                       ; On                       ;
; Limit AHDL Integers to 32 Bits                                   ; Off                      ; Off                      ;
; Optimization Technique                                           ; Balanced                 ; Balanced                 ;
; Carry Chain Length                                               ; 70                       ; 70                       ;
; Auto Carry Chains                                                ; On                       ; On                       ;
; Auto Open-Drain Pins                                             ; On                       ; On                       ;
; Perform WYSIWYG Primitive Resynthesis                            ; Off                      ; Off                      ;
; Auto ROM Replacement                                             ; On                       ; On                       ;
; Auto RAM Replacement                                             ; On                       ; On                       ;
; Auto DSP Block Replacement                                       ; On                       ; On                       ;
; Auto Shift Register Replacement                                  ; Auto                     ; Auto                     ;
; Allow Shift Register Merging across Hierarchies                  ; Auto                     ; Auto                     ;
; Auto Clock Enable Replacement                                    ; On                       ; On                       ;
; Strict RAM Replacement                                           ; Off                      ; Off                      ;
; Allow Synchronous Control Signals                                ; On                       ; On                       ;
; Force Use of Synchronous Clear Signals                           ; Off                      ; Off                      ;
; Auto RAM Block Balancing                                         ; On                       ; On                       ;
; Auto RAM to Logic Cell Conversion                                ; Off                      ; Off                      ;
; Auto Resource Sharing                                            ; Off                      ; Off                      ;
; Allow Any RAM Size For Recognition                               ; Off                      ; Off                      ;
; Allow Any ROM Size For Recognition                               ; Off                      ; Off                      ;
; Allow Any Shift Register Size For Recognition                    ; Off                      ; Off                      ;
; Use LogicLock Constraints during Resource Balancing              ; On                       ; On                       ;
; Ignore translate_off and synthesis_off directives                ; Off                      ; Off                      ;
; Timing-Driven Synthesis                                          ; On                       ; On                       ;
; Report Parameter Settings                                        ; On                       ; On                       ;
; Report Source Assignments                                        ; On                       ; On                       ;
; Report Connectivity Checks                                       ; On                       ; On                       ;
; Ignore Maximum Fan-Out Assignments                               ; Off                      ; Off                      ;
; Synchronization Register Chain Length                            ; 2                        ; 2                        ;
; Power Optimization During Synthesis                              ; Normal compilation       ; Normal compilation       ;
; HDL message level                                                ; Level2                   ; Level2                   ;
; Suppress Register Optimization Related Messages                  ; Off                      ; Off                      ;
; Number of Removed Registers Reported in Synthesis Report         ; 5000                     ; 5000                     ;
; Number of Swept Nodes Reported in Synthesis Report               ; 5000                     ; 5000                     ;
; Number of Inverted Registers Reported in Synthesis Report        ; 100                      ; 100                      ;
; Clock MUX Protection                                             ; On                       ; On                       ;
; Auto Gated Clock Conversion                                      ; Off                      ; Off                      ;
; Block Design Naming                                              ; Auto                     ; Auto                     ;
; SDC constraint protection                                        ; Off                      ; Off                      ;
; Synthesis Effort                                                 ; Auto                     ; Auto                     ;
; Shift Register Replacement - Allow Asynchronous Clear Signal     ; On                       ; On                       ;
; Pre-Mapping Resynthesis Optimization                             ; Off                      ; Off                      ;
; Analysis & Synthesis Message Level                               ; Medium                   ; Medium                   ;
; Disable Register Merging Across Hierarchies                      ; Auto                     ; Auto                     ;
; Resource Aware Inference For Block RAM                           ; On                       ; On                       ;
+------------------------------------------------------------------+--------------------------+--------------------------+


+------------------------------------------+
; Parallel Compilation                     ;
+----------------------------+-------------+
; Processors                 ; Number      ;
+----------------------------+-------------+
; Number detected on machine ; 2           ;
; Maximum allowed            ; 2           ;
;                            ;             ;
; Average used               ; 1.00        ;
; Maximum used               ; 2           ;
;                            ;             ;
; Usage by Processor         ; % Time Used ;
;     Processor 1            ; 100.0%      ;
;     Processor 2            ;   0.0%      ;
+----------------------------+-------------+


+-----------------------------------------------------------------------------------------------------------------------------------------------------------------------------------------------------------------+
; Analysis & Synthesis Source Files Read                                                                                                                                                                          ;
+----------------------------------+-----------------+------------------------------------+-------------------------------------------------------------------------------------------------------------+---------+
; File Name with User-Entered Path ; Used in Netlist ; File Type                          ; File Name with Absolute Path                                                                                ; Library ;
+----------------------------------+-----------------+------------------------------------+-------------------------------------------------------------------------------------------------------------+---------+
; control_unit.vhd                 ; yes             ; User VHDL File                     ; C:/Users/otavi/OneDrive/Documentos/Reconfiguravel/FPGA_mandelbrot_explorer/src/control_unit.vhd             ;         ;
; FPGA_mandelbrot_explorer.bdf     ; yes             ; User Block Diagram/Schematic File  ; C:/Users/otavi/OneDrive/Documentos/Reconfiguravel/FPGA_mandelbrot_explorer/src/FPGA_mandelbrot_explorer.bdf ;         ;
; coordinate_generator.vhd         ; yes             ; User VHDL File                     ; C:/Users/otavi/OneDrive/Documentos/Reconfiguravel/FPGA_mandelbrot_explorer/src/coordinate_generator.vhd     ;         ;
; line_scheduler.vhd               ; yes             ; User VHDL File                     ; C:/Users/otavi/OneDrive/Documentos/Reconfiguravel/FPGA_mandelbrot_explorer/src/line_scheduler.vhd           ;         ;
; memory.vhd                       ; yes             ; User Wizard-Generated File         ; C:/Users/otavi/OneDrive/Documentos/Reconfiguravel/FPGA_mandelbrot_explorer/src/memory.vhd                   ;         ;
; memory.mif                       ; yes             ; User Memory Initialization File    ; C:/Users/otavi/OneDrive/Documentos/Reconfiguravel/FPGA_mandelbrot_explorer/src/memory.mif                   ;         ;
; frame_buffer_controller.vhd      ; yes             ; User VHDL File                     ; C:/Users/otavi/OneDrive/Documentos/Reconfiguravel/FPGA_mandelbrot_explorer/src/frame_buffer_controller.vhd  ;         ;
; vga_drvr.vhd                     ; yes             ; Auto-Found VHDL File               ; C:/Users/otavi/OneDrive/Documentos/Reconfiguravel/FPGA_mandelbrot_explorer/src/vga_drvr.vhd                 ;         ;
; altsyncram.tdf                   ; yes             ; Megafunction                       ; c:/intelfpga_lite/18.1/quartus/libraries/megafunctions/altsyncram.tdf                                       ;         ;
; stratix_ram_block.inc            ; yes             ; Megafunction                       ; c:/intelfpga_lite/18.1/quartus/libraries/megafunctions/stratix_ram_block.inc                                ;         ;
; lpm_mux.inc                      ; yes             ; Megafunction                       ; c:/intelfpga_lite/18.1/quartus/libraries/megafunctions/lpm_mux.inc                                          ;         ;
; lpm_decode.inc                   ; yes             ; Megafunction                       ; c:/intelfpga_lite/18.1/quartus/libraries/megafunctions/lpm_decode.inc                                       ;         ;
; aglobal181.inc                   ; yes             ; Megafunction                       ; c:/intelfpga_lite/18.1/quartus/libraries/megafunctions/aglobal181.inc                                       ;         ;
; a_rdenreg.inc                    ; yes             ; Megafunction                       ; c:/intelfpga_lite/18.1/quartus/libraries/megafunctions/a_rdenreg.inc                                        ;         ;
; altrom.inc                       ; yes             ; Megafunction                       ; c:/intelfpga_lite/18.1/quartus/libraries/megafunctions/altrom.inc                                           ;         ;
; altram.inc                       ; yes             ; Megafunction                       ; c:/intelfpga_lite/18.1/quartus/libraries/megafunctions/altram.inc                                           ;         ;
; altdpram.inc                     ; yes             ; Megafunction                       ; c:/intelfpga_lite/18.1/quartus/libraries/megafunctions/altdpram.inc                                         ;         ;
; db/altsyncram_18q3.tdf           ; yes             ; Auto-Generated Megafunction        ; C:/Users/otavi/OneDrive/Documentos/Reconfiguravel/FPGA_mandelbrot_explorer/src/db/altsyncram_18q3.tdf       ;         ;
; db/decode_h7a.tdf                ; yes             ; Auto-Generated Megafunction        ; C:/Users/otavi/OneDrive/Documentos/Reconfiguravel/FPGA_mandelbrot_explorer/src/db/decode_h7a.tdf            ;         ;
; db/mux_22b.tdf                   ; yes             ; Auto-Generated Megafunction        ; C:/Users/otavi/OneDrive/Documentos/Reconfiguravel/FPGA_mandelbrot_explorer/src/db/mux_22b.tdf               ;         ;
; lpm_mult.tdf                     ; yes             ; Megafunction                       ; c:/intelfpga_lite/18.1/quartus/libraries/megafunctions/lpm_mult.tdf                                         ;         ;
; lpm_add_sub.inc                  ; yes             ; Megafunction                       ; c:/intelfpga_lite/18.1/quartus/libraries/megafunctions/lpm_add_sub.inc                                      ;         ;
; multcore.inc                     ; yes             ; Megafunction                       ; c:/intelfpga_lite/18.1/quartus/libraries/megafunctions/multcore.inc                                         ;         ;
; bypassff.inc                     ; yes             ; Megafunction                       ; c:/intelfpga_lite/18.1/quartus/libraries/megafunctions/bypassff.inc                                         ;         ;
; altshift.inc                     ; yes             ; Megafunction                       ; c:/intelfpga_lite/18.1/quartus/libraries/megafunctions/altshift.inc                                         ;         ;
; db/mult_kgs.tdf                  ; yes             ; Auto-Generated Megafunction        ; C:/Users/otavi/OneDrive/Documentos/Reconfiguravel/FPGA_mandelbrot_explorer/src/db/mult_kgs.tdf              ;         ;
+----------------------------------+-----------------+------------------------------------+-------------------------------------------------------------------------------------------------------------+---------+


+---------------------------------------------------------+
; Analysis & Synthesis Resource Usage Summary             ;
+---------------------------------------------+-----------+
; Resource                                    ; Usage     ;
+---------------------------------------------+-----------+
; Estimated Total logic elements              ; 432       ;
;                                             ;           ;
; Total combinational functions               ; 400       ;
; Logic element usage by number of LUT inputs ;           ;
;     -- 4 input functions                    ; 75        ;
;     -- 3 input functions                    ; 159       ;
;     -- <=2 input functions                  ; 166       ;
;                                             ;           ;
; Logic elements by mode                      ;           ;
;     -- normal mode                          ; 189       ;
;     -- arithmetic mode                      ; 211       ;
;                                             ;           ;
; Total registers                             ; 160       ;
;     -- Dedicated logic registers            ; 160       ;
;     -- I/O registers                        ; 0         ;
;                                             ;           ;
; I/O pins                                    ; 160       ;
; Total memory bits                           ; 589824    ;
;                                             ;           ;
; Embedded Multiplier 9-bit elements          ; 8         ;
;                                             ;           ;
; Maximum fan-out node                        ; clk~input ;
; Maximum fan-out                             ; 232       ;
; Total fan-out                               ; 4223      ;
; Average fan-out                             ; 4.40      ;
+---------------------------------------------+-----------+


+---------------------------------------------------------------------------------------------------------------------------------------------------------------------------------------------------------------------------------------------------------------------------------------------------------------------------------------------------------------------------+
; Analysis & Synthesis Resource Utilization by Entity                                                                                                                                                                                                                                                                                                                       ;
+-------------------------------------------+---------------------+---------------------------+-------------+------------+--------------+---------+-----------+------+--------------+------------+--------------------------------------------------------------------------------------------------------------------------------+--------------------------+--------------+
; Compilation Hierarchy Node                ; Combinational ALUTs ; Dedicated Logic Registers ; Memory Bits ; UFM Blocks ; DSP Elements ; DSP 9x9 ; DSP 18x18 ; Pins ; Virtual Pins ; ADC blocks ; Full Hierarchy Name                                                                                                            ; Entity Name              ; Library Name ;
+-------------------------------------------+---------------------+---------------------------+-------------+------------+--------------+---------+-----------+------+--------------+------------+--------------------------------------------------------------------------------------------------------------------------------+--------------------------+--------------+
; |FPGA_mandelbrot_explorer                 ; 400 (0)             ; 160 (0)                   ; 589824      ; 0          ; 8            ; 0       ; 4         ; 160  ; 0            ; 0          ; |FPGA_mandelbrot_explorer                                                                                                      ; FPGA_mandelbrot_explorer ; work         ;
;    |VGA_drvr:inst3|                       ; 97 (97)             ; 29 (29)                   ; 0           ; 0          ; 0            ; 0       ; 0         ; 0    ; 0            ; 0          ; |FPGA_mandelbrot_explorer|VGA_drvr:inst3                                                                                       ; VGA_drvr                 ; work         ;
;    |control_unit:inst|                    ; 75 (75)             ; 72 (72)                   ; 0           ; 0          ; 0            ; 0       ; 0         ; 0    ; 0            ; 0          ; |FPGA_mandelbrot_explorer|control_unit:inst                                                                                    ; control_unit             ; work         ;
;    |coordinate_generator:inst1|           ; 131 (51)            ; 0 (0)                     ; 0           ; 0          ; 8            ; 0       ; 4         ; 0    ; 0            ; 0          ; |FPGA_mandelbrot_explorer|coordinate_generator:inst1                                                                           ; coordinate_generator     ; work         ;
;       |lpm_mult:Mult0|                    ; 40 (0)              ; 0 (0)                     ; 0           ; 0          ; 4            ; 0       ; 2         ; 0    ; 0            ; 0          ; |FPGA_mandelbrot_explorer|coordinate_generator:inst1|lpm_mult:Mult0                                                            ; lpm_mult                 ; work         ;
;          |mult_kgs:auto_generated|        ; 40 (40)             ; 0 (0)                     ; 0           ; 0          ; 4            ; 0       ; 2         ; 0    ; 0            ; 0          ; |FPGA_mandelbrot_explorer|coordinate_generator:inst1|lpm_mult:Mult0|mult_kgs:auto_generated                                    ; mult_kgs                 ; work         ;
;       |lpm_mult:Mult1|                    ; 40 (0)              ; 0 (0)                     ; 0           ; 0          ; 4            ; 0       ; 2         ; 0    ; 0            ; 0          ; |FPGA_mandelbrot_explorer|coordinate_generator:inst1|lpm_mult:Mult1                                                            ; lpm_mult                 ; work         ;
;          |mult_kgs:auto_generated|        ; 40 (40)             ; 0 (0)                     ; 0           ; 0          ; 4            ; 0       ; 2         ; 0    ; 0            ; 0          ; |FPGA_mandelbrot_explorer|coordinate_generator:inst1|lpm_mult:Mult1|mult_kgs:auto_generated                                    ; mult_kgs                 ; work         ;
;    |frame_buffer_controller:inst7|        ; 23 (23)             ; 43 (43)                   ; 0           ; 0          ; 0            ; 0       ; 0         ; 0    ; 0            ; 0          ; |FPGA_mandelbrot_explorer|frame_buffer_controller:inst7                                                                        ; frame_buffer_controller  ; work         ;
;    |line_scheduler:inst2|                 ; 13 (13)             ; 10 (10)                   ; 0           ; 0          ; 0            ; 0       ; 0         ; 0    ; 0            ; 0          ; |FPGA_mandelbrot_explorer|line_scheduler:inst2                                                                                 ; line_scheduler           ; work         ;
;    |memory:inst4|                         ; 61 (0)              ; 6 (0)                     ; 589824      ; 0          ; 0            ; 0       ; 0         ; 0    ; 0            ; 0          ; |FPGA_mandelbrot_explorer|memory:inst4                                                                                         ; memory                   ; work         ;
;       |altsyncram:altsyncram_component|   ; 61 (0)              ; 6 (0)                     ; 589824      ; 0          ; 0            ; 0       ; 0         ; 0    ; 0            ; 0          ; |FPGA_mandelbrot_explorer|memory:inst4|altsyncram:altsyncram_component                                                         ; altsyncram               ; work         ;
;          |altsyncram_18q3:auto_generated| ; 61 (0)              ; 6 (6)                     ; 589824      ; 0          ; 0            ; 0       ; 0         ; 0    ; 0            ; 0          ; |FPGA_mandelbrot_explorer|memory:inst4|altsyncram:altsyncram_component|altsyncram_18q3:auto_generated                          ; altsyncram_18q3          ; work         ;
;             |decode_h7a:decode2|          ; 8 (8)               ; 0 (0)                     ; 0           ; 0          ; 0            ; 0       ; 0         ; 0    ; 0            ; 0          ; |FPGA_mandelbrot_explorer|memory:inst4|altsyncram:altsyncram_component|altsyncram_18q3:auto_generated|decode_h7a:decode2       ; decode_h7a               ; work         ;
;             |decode_h7a:rden_decode_b|    ; 8 (8)               ; 0 (0)                     ; 0           ; 0          ; 0            ; 0       ; 0         ; 0    ; 0            ; 0          ; |FPGA_mandelbrot_explorer|memory:inst4|altsyncram:altsyncram_component|altsyncram_18q3:auto_generated|decode_h7a:rden_decode_b ; decode_h7a               ; work         ;
;             |mux_22b:mux3|                ; 45 (45)             ; 0 (0)                     ; 0           ; 0          ; 0            ; 0       ; 0         ; 0    ; 0            ; 0          ; |FPGA_mandelbrot_explorer|memory:inst4|altsyncram:altsyncram_component|altsyncram_18q3:auto_generated|mux_22b:mux3             ; mux_22b                  ; work         ;
+-------------------------------------------+---------------------+---------------------------+-------------+------------+--------------+---------+-----------+------+--------------+------------+--------------------------------------------------------------------------------------------------------------------------------+--------------------------+--------------+
Note: For table entries with two numbers listed, the numbers in parentheses indicate the number of resources of the given type used by the specific entity alone. The numbers listed outside of parentheses indicate the total resources of the given type used by the specific entity and all of its sub-entities in the hierarchy.


+----------------------------------------------------------------------------------------------------------------------------------------------------------------------------------------------------+
; Analysis & Synthesis RAM Summary                                                                                                                                                                   ;
+----------------------------------------------------------------------------------------+------+------------------+--------------+--------------+--------------+--------------+--------+------------+
; Name                                                                                   ; Type ; Mode             ; Port A Depth ; Port A Width ; Port B Depth ; Port B Width ; Size   ; MIF        ;
+----------------------------------------------------------------------------------------+------+------------------+--------------+--------------+--------------+--------------+--------+------------+
; memory:inst4|altsyncram:altsyncram_component|altsyncram_18q3:auto_generated|ALTSYNCRAM ; AUTO ; Simple Dual Port ; 65536        ; 9            ; 65536        ; 9            ; 589824 ; memory.mif ;
+----------------------------------------------------------------------------------------+------+------------------+--------------+--------------+--------------+--------------+--------+------------+


+-----------------------------------------------------+
; Analysis & Synthesis DSP Block Usage Summary        ;
+---------------------------------------+-------------+
; Statistic                             ; Number Used ;
+---------------------------------------+-------------+
; Simple Multipliers (9-bit)            ; 0           ;
; Simple Multipliers (18-bit)           ; 4           ;
; Embedded Multiplier Blocks            ; --          ;
; Embedded Multiplier 9-bit elements    ; 8           ;
; Signed Embedded Multipliers           ; 2           ;
; Unsigned Embedded Multipliers         ; 0           ;
; Mixed Sign Embedded Multipliers       ; 2           ;
; Variable Sign Embedded Multipliers    ; 0           ;
; Dedicated Input Shift Register Chains ; 0           ;
+---------------------------------------+-------------+
Note: number of Embedded Multiplier Blocks used is only available after a successful fit.


+--------------------------------------------------------------------------------------------------------------------------+
; Analysis & Synthesis IP Cores Summary                                                                                    ;
+--------+--------------+---------+--------------+--------------+----------------------------------------+-----------------+
; Vendor ; IP Core Name ; Version ; Release Date ; License Type ; Entity Instance                        ; IP Include File ;
+--------+--------------+---------+--------------+--------------+----------------------------------------+-----------------+
; Altera ; RAM: 2-PORT  ; 18.1    ; N/A          ; N/A          ; |FPGA_mandelbrot_explorer|memory:inst4 ; memory.vhd      ;
+--------+--------------+---------+--------------+--------------+----------------------------------------+-----------------+


+---------------------------------------------------------------------------------------------------------------+
; Registers Removed During Synthesis                                                                            ;
+------------------------------------------------------------------------------------------+--------------------+
; Register name                                                                            ; Reason for Removal ;
+------------------------------------------------------------------------------------------+--------------------+
; memory:inst4|altsyncram:altsyncram_component|altsyncram_18q3:auto_generated|rden_b_store ; Lost fanout        ;
; Total Number of Removed Registers = 1                                                    ;                    ;
+------------------------------------------------------------------------------------------+--------------------+


+------------------------------------------------------+
; General Register Statistics                          ;
+----------------------------------------------+-------+
; Statistic                                    ; Value ;
+----------------------------------------------+-------+
; Total registers                              ; 160   ;
; Number of registers using Synchronous Clear  ; 10    ;
; Number of registers using Synchronous Load   ; 0     ;
; Number of registers using Asynchronous Clear ; 129   ;
; Number of registers using Asynchronous Load  ; 0     ;
; Number of registers using Clock Enable       ; 128   ;
; Number of registers using Preset             ; 0     ;
+----------------------------------------------+-------+


+---------------------------------------------------+
; Inverted Register Statistics                      ;
+-----------------------------------------+---------+
; Inverted Register                       ; Fan out ;
+-----------------------------------------+---------+
; control_unit:inst|x_pos[31]             ; 2       ;
; control_unit:inst|x_pos[30]             ; 2       ;
; control_unit:inst|x_pos[29]             ; 2       ;
; control_unit:inst|x_pos[28]             ; 2       ;
; control_unit:inst|x_pos[27]             ; 2       ;
; control_unit:inst|x_pos[26]             ; 2       ;
; control_unit:inst|x_pos[25]             ; 2       ;
; control_unit:inst|x_pos[24]             ; 2       ;
; control_unit:inst|x_pos[23]             ; 2       ;
; control_unit:inst|x_pos[22]             ; 2       ;
; control_unit:inst|x_pos[21]             ; 2       ;
; control_unit:inst|x_pos[20]             ; 2       ;
; control_unit:inst|x_pos[19]             ; 2       ;
; control_unit:inst|x_pos[18]             ; 2       ;
; control_unit:inst|x_pos[17]             ; 2       ;
; control_unit:inst|x_pos[16]             ; 2       ;
; control_unit:inst|x_pos[15]             ; 2       ;
; control_unit:inst|zoom[16]              ; 4       ;
; Total number of inverted registers = 18 ;         ;
+-----------------------------------------+---------+


+--------------------------------------------------------------------------------------------------------------------------------------------------------------------+
; Multiplexer Restructuring Statistics (Restructuring Performed)                                                                                                     ;
+--------------------+-----------+---------------+----------------------+------------------------+------------+------------------------------------------------------+
; Multiplexer Inputs ; Bus Width ; Baseline Area ; Area if Restructured ; Saving if Restructured ; Registered ; Example Multiplexer Output                           ;
+--------------------+-----------+---------------+----------------------+------------------------+------------+------------------------------------------------------+
; 3:1                ; 10 bits   ; 20 LEs        ; 10 LEs               ; 10 LEs                 ; Yes        ; |FPGA_mandelbrot_explorer|VGA_drvr:inst3|v_count[9]  ;
; 3:1                ; 30 bits   ; 60 LEs        ; 30 LEs               ; 30 LEs                 ; Yes        ; |FPGA_mandelbrot_explorer|control_unit:inst|zoom[16] ;
+--------------------+-----------+---------------+----------------------+------------------------+------------+------------------------------------------------------+


+----------------------------------------------------------------------------------------------------+
; Source assignments for memory:inst4|altsyncram:altsyncram_component|altsyncram_18q3:auto_generated ;
+---------------------------------+--------------------+------+--------------------------------------+
; Assignment                      ; Value              ; From ; To                                   ;
+---------------------------------+--------------------+------+--------------------------------------+
; OPTIMIZE_POWER_DURING_SYNTHESIS ; NORMAL_COMPILATION ; -    ; -                                    ;
+---------------------------------+--------------------+------+--------------------------------------+


+-------------------------------------------------------------------+
; Parameter Settings for User Entity Instance: line_scheduler:inst2 ;
+----------------+-------+------------------------------------------+
; Parameter Name ; Value ; Type                                     ;
+----------------+-------+------------------------------------------+
; image_height   ; 480   ; Signed Integer                           ;
+----------------+-------+------------------------------------------+
Note: In order to hide this table in the UI and the text report file, please set the "Show Parameter Settings in Synthesis Report" option in "Analysis and Synthesis Settings -> More Settings" to "Off".


+-------------------------------------------------------------+
; Parameter Settings for User Entity Instance: VGA_drvr:inst3 ;
+-----------------+-------+-----------------------------------+
; Parameter Name  ; Value ; Type                              ;
+-----------------+-------+-----------------------------------+
; h_back_porch    ; 48    ; Signed Integer                    ;
; h_display       ; 256   ; Signed Integer                    ;
; h_front_porch   ; 16    ; Signed Integer                    ;
; h_retrace       ; 96    ; Signed Integer                    ;
; v_back_porch    ; 33    ; Signed Integer                    ;
; v_display       ; 128   ; Signed Integer                    ;
; v_front_porch   ; 10    ; Signed Integer                    ;
; v_retrace       ; 2     ; Signed Integer                    ;
; color_bits      ; 3     ; Signed Integer                    ;
; h_sync_polarity ; '0'   ; Enumerated                        ;
; v_sync_polarity ; '0'   ; Enumerated                        ;
; h_counter_size  ; 10    ; Signed Integer                    ;
; v_counter_size  ; 10    ; Signed Integer                    ;
+-----------------+-------+-----------------------------------+
Note: In order to hide this table in the UI and the text report file, please set the "Show Parameter Settings in Synthesis Report" option in "Analysis and Synthesis Settings -> More Settings" to "Off".


+-------------------------------------------------------------------------------------------+
; Parameter Settings for User Entity Instance: memory:inst4|altsyncram:altsyncram_component ;
+------------------------------------+----------------------+-------------------------------+
; Parameter Name                     ; Value                ; Type                          ;
+------------------------------------+----------------------+-------------------------------+
; BYTE_SIZE_BLOCK                    ; 8                    ; Untyped                       ;
; AUTO_CARRY_CHAINS                  ; ON                   ; AUTO_CARRY                    ;
; IGNORE_CARRY_BUFFERS               ; OFF                  ; IGNORE_CARRY                  ;
; AUTO_CASCADE_CHAINS                ; ON                   ; AUTO_CASCADE                  ;
; IGNORE_CASCADE_BUFFERS             ; OFF                  ; IGNORE_CASCADE                ;
; WIDTH_BYTEENA                      ; 1                    ; Untyped                       ;
; OPERATION_MODE                     ; DUAL_PORT            ; Untyped                       ;
; WIDTH_A                            ; 9                    ; Signed Integer                ;
; WIDTHAD_A                          ; 16                   ; Signed Integer                ;
; NUMWORDS_A                         ; 65536                ; Signed Integer                ;
; OUTDATA_REG_A                      ; UNREGISTERED         ; Untyped                       ;
; ADDRESS_ACLR_A                     ; NONE                 ; Untyped                       ;
; OUTDATA_ACLR_A                     ; NONE                 ; Untyped                       ;
; WRCONTROL_ACLR_A                   ; NONE                 ; Untyped                       ;
; INDATA_ACLR_A                      ; NONE                 ; Untyped                       ;
; BYTEENA_ACLR_A                     ; NONE                 ; Untyped                       ;
; WIDTH_B                            ; 9                    ; Signed Integer                ;
; WIDTHAD_B                          ; 16                   ; Signed Integer                ;
; NUMWORDS_B                         ; 65536                ; Signed Integer                ;
; INDATA_REG_B                       ; CLOCK1               ; Untyped                       ;
; WRCONTROL_WRADDRESS_REG_B          ; CLOCK1               ; Untyped                       ;
; RDCONTROL_REG_B                    ; CLOCK0               ; Untyped                       ;
; ADDRESS_REG_B                      ; CLOCK0               ; Untyped                       ;
; OUTDATA_REG_B                      ; CLOCK0               ; Untyped                       ;
; BYTEENA_REG_B                      ; CLOCK1               ; Untyped                       ;
; INDATA_ACLR_B                      ; NONE                 ; Untyped                       ;
; WRCONTROL_ACLR_B                   ; NONE                 ; Untyped                       ;
; ADDRESS_ACLR_B                     ; NONE                 ; Untyped                       ;
; OUTDATA_ACLR_B                     ; NONE                 ; Untyped                       ;
; RDCONTROL_ACLR_B                   ; NONE                 ; Untyped                       ;
; BYTEENA_ACLR_B                     ; NONE                 ; Untyped                       ;
; WIDTH_BYTEENA_A                    ; 1                    ; Signed Integer                ;
; WIDTH_BYTEENA_B                    ; 1                    ; Signed Integer                ;
; RAM_BLOCK_TYPE                     ; AUTO                 ; Untyped                       ;
; BYTE_SIZE                          ; 8                    ; Signed Integer                ;
; READ_DURING_WRITE_MODE_MIXED_PORTS ; DONT_CARE            ; Untyped                       ;
; READ_DURING_WRITE_MODE_PORT_A      ; NEW_DATA_NO_NBE_READ ; Untyped                       ;
; READ_DURING_WRITE_MODE_PORT_B      ; NEW_DATA_NO_NBE_READ ; Untyped                       ;
; INIT_FILE                          ; memory.mif           ; Untyped                       ;
; INIT_FILE_LAYOUT                   ; PORT_A               ; Untyped                       ;
; MAXIMUM_DEPTH                      ; 0                    ; Signed Integer                ;
; CLOCK_ENABLE_INPUT_A               ; BYPASS               ; Untyped                       ;
; CLOCK_ENABLE_INPUT_B               ; BYPASS               ; Untyped                       ;
; CLOCK_ENABLE_OUTPUT_A              ; NORMAL               ; Untyped                       ;
; CLOCK_ENABLE_OUTPUT_B              ; BYPASS               ; Untyped                       ;
; CLOCK_ENABLE_CORE_A                ; USE_INPUT_CLKEN      ; Untyped                       ;
; CLOCK_ENABLE_CORE_B                ; USE_INPUT_CLKEN      ; Untyped                       ;
; ENABLE_ECC                         ; FALSE                ; Untyped                       ;
; ECC_PIPELINE_STAGE_ENABLED         ; FALSE                ; Untyped                       ;
; WIDTH_ECCSTATUS                    ; 3                    ; Signed Integer                ;
; DEVICE_FAMILY                      ; MAX 10               ; Untyped                       ;
; CBXI_PARAMETER                     ; altsyncram_18q3      ; Untyped                       ;
+------------------------------------+----------------------+-------------------------------+
Note: In order to hide this table in the UI and the text report file, please set the "Show Parameter Settings in Synthesis Report" option in "Analysis and Synthesis Settings -> More Settings" to "Off".


+-------------------------------------------------------------------------+
; Parameter Settings for User Entity Instance: coordinate_generator:inst1 ;
+----------------+-------+------------------------------------------------+
; Parameter Name ; Value ; Type                                           ;
+----------------+-------+------------------------------------------------+
; screen_width   ; 640   ; Signed Integer                                 ;
; screen_height  ; 480   ; Signed Integer                                 ;
+----------------+-------+------------------------------------------------+
Note: In order to hide this table in the UI and the text report file, please set the "Show Parameter Settings in Synthesis Report" option in "Analysis and Synthesis Settings -> More Settings" to "Off".


+--------------------------------------------------------------------------------------------+
; Parameter Settings for Inferred Entity Instance: coordinate_generator:inst1|lpm_mult:Mult1 ;
+------------------------------------------------+----------+--------------------------------+
; Parameter Name                                 ; Value    ; Type                           ;
+------------------------------------------------+----------+--------------------------------+
; AUTO_CARRY_CHAINS                              ; ON       ; AUTO_CARRY                     ;
; IGNORE_CARRY_BUFFERS                           ; OFF      ; IGNORE_CARRY                   ;
; AUTO_CASCADE_CHAINS                            ; ON       ; AUTO_CASCADE                   ;
; IGNORE_CASCADE_BUFFERS                         ; OFF      ; IGNORE_CASCADE                 ;
; LPM_WIDTHA                                     ; 11       ; Untyped                        ;
; LPM_WIDTHB                                     ; 32       ; Untyped                        ;
; LPM_WIDTHP                                     ; 43       ; Untyped                        ;
; LPM_WIDTHR                                     ; 43       ; Untyped                        ;
; LPM_WIDTHS                                     ; 1        ; Untyped                        ;
; LPM_REPRESENTATION                             ; SIGNED   ; Untyped                        ;
; LPM_PIPELINE                                   ; 0        ; Untyped                        ;
; LATENCY                                        ; 0        ; Untyped                        ;
; INPUT_A_IS_CONSTANT                            ; NO       ; Untyped                        ;
; INPUT_B_IS_CONSTANT                            ; NO       ; Untyped                        ;
; USE_EAB                                        ; OFF      ; Untyped                        ;
; MAXIMIZE_SPEED                                 ; 5        ; Untyped                        ;
; DEVICE_FAMILY                                  ; MAX 10   ; Untyped                        ;
; CARRY_CHAIN                                    ; MANUAL   ; Untyped                        ;
; APEX20K_TECHNOLOGY_MAPPER                      ; LUT      ; TECH_MAPPER_APEX20K            ;
; DEDICATED_MULTIPLIER_CIRCUITRY                 ; AUTO     ; Untyped                        ;
; DEDICATED_MULTIPLIER_MIN_INPUT_WIDTH_FOR_AUTO  ; 0        ; Untyped                        ;
; DEDICATED_MULTIPLIER_MIN_OUTPUT_WIDTH_FOR_AUTO ; 0        ; Untyped                        ;
; CBXI_PARAMETER                                 ; mult_kgs ; Untyped                        ;
; INPUT_A_FIXED_VALUE                            ; Bx       ; Untyped                        ;
; INPUT_B_FIXED_VALUE                            ; Bx       ; Untyped                        ;
; USE_AHDL_IMPLEMENTATION                        ; OFF      ; Untyped                        ;
+------------------------------------------------+----------+--------------------------------+
Note: In order to hide this table in the UI and the text report file, please set the "Show Parameter Settings in Synthesis Report" option in "Analysis and Synthesis Settings -> More Settings" to "Off".


+--------------------------------------------------------------------------------------------+
; Parameter Settings for Inferred Entity Instance: coordinate_generator:inst1|lpm_mult:Mult0 ;
+------------------------------------------------+----------+--------------------------------+
; Parameter Name                                 ; Value    ; Type                           ;
+------------------------------------------------+----------+--------------------------------+
; AUTO_CARRY_CHAINS                              ; ON       ; AUTO_CARRY                     ;
; IGNORE_CARRY_BUFFERS                           ; OFF      ; IGNORE_CARRY                   ;
; AUTO_CASCADE_CHAINS                            ; ON       ; AUTO_CASCADE                   ;
; IGNORE_CASCADE_BUFFERS                         ; OFF      ; IGNORE_CASCADE                 ;
; LPM_WIDTHA                                     ; 11       ; Untyped                        ;
; LPM_WIDTHB                                     ; 32       ; Untyped                        ;
; LPM_WIDTHP                                     ; 43       ; Untyped                        ;
; LPM_WIDTHR                                     ; 43       ; Untyped                        ;
; LPM_WIDTHS                                     ; 1        ; Untyped                        ;
; LPM_REPRESENTATION                             ; SIGNED   ; Untyped                        ;
; LPM_PIPELINE                                   ; 0        ; Untyped                        ;
; LATENCY                                        ; 0        ; Untyped                        ;
; INPUT_A_IS_CONSTANT                            ; NO       ; Untyped                        ;
; INPUT_B_IS_CONSTANT                            ; NO       ; Untyped                        ;
; USE_EAB                                        ; OFF      ; Untyped                        ;
; MAXIMIZE_SPEED                                 ; 5        ; Untyped                        ;
; DEVICE_FAMILY                                  ; MAX 10   ; Untyped                        ;
; CARRY_CHAIN                                    ; MANUAL   ; Untyped                        ;
; APEX20K_TECHNOLOGY_MAPPER                      ; LUT      ; TECH_MAPPER_APEX20K            ;
; DEDICATED_MULTIPLIER_CIRCUITRY                 ; AUTO     ; Untyped                        ;
; DEDICATED_MULTIPLIER_MIN_INPUT_WIDTH_FOR_AUTO  ; 0        ; Untyped                        ;
; DEDICATED_MULTIPLIER_MIN_OUTPUT_WIDTH_FOR_AUTO ; 0        ; Untyped                        ;
; CBXI_PARAMETER                                 ; mult_kgs ; Untyped                        ;
; INPUT_A_FIXED_VALUE                            ; Bx       ; Untyped                        ;
; INPUT_B_FIXED_VALUE                            ; Bx       ; Untyped                        ;
; USE_AHDL_IMPLEMENTATION                        ; OFF      ; Untyped                        ;
+------------------------------------------------+----------+--------------------------------+
Note: In order to hide this table in the UI and the text report file, please set the "Show Parameter Settings in Synthesis Report" option in "Analysis and Synthesis Settings -> More Settings" to "Off".


+------------------------------------------------------------------------------------------+
; altsyncram Parameter Settings by Entity Instance                                         ;
+-------------------------------------------+----------------------------------------------+
; Name                                      ; Value                                        ;
+-------------------------------------------+----------------------------------------------+
; Number of entity instances                ; 1                                            ;
; Entity Instance                           ; memory:inst4|altsyncram:altsyncram_component ;
;     -- OPERATION_MODE                     ; DUAL_PORT                                    ;
;     -- WIDTH_A                            ; 9                                            ;
;     -- NUMWORDS_A                         ; 65536                                        ;
;     -- OUTDATA_REG_A                      ; UNREGISTERED                                 ;
;     -- WIDTH_B                            ; 9                                            ;
;     -- NUMWORDS_B                         ; 65536                                        ;
;     -- ADDRESS_REG_B                      ; CLOCK0                                       ;
;     -- OUTDATA_REG_B                      ; CLOCK0                                       ;
;     -- RAM_BLOCK_TYPE                     ; AUTO                                         ;
;     -- READ_DURING_WRITE_MODE_MIXED_PORTS ; DONT_CARE                                    ;
+-------------------------------------------+----------------------------------------------+


+-----------------------------------------------------------------------------------+
; lpm_mult Parameter Settings by Entity Instance                                    ;
+---------------------------------------+-------------------------------------------+
; Name                                  ; Value                                     ;
+---------------------------------------+-------------------------------------------+
; Number of entity instances            ; 2                                         ;
; Entity Instance                       ; coordinate_generator:inst1|lpm_mult:Mult1 ;
;     -- LPM_WIDTHA                     ; 11                                        ;
;     -- LPM_WIDTHB                     ; 32                                        ;
;     -- LPM_WIDTHP                     ; 43                                        ;
;     -- LPM_REPRESENTATION             ; SIGNED                                    ;
;     -- INPUT_A_IS_CONSTANT            ; NO                                        ;
;     -- INPUT_B_IS_CONSTANT            ; NO                                        ;
;     -- USE_EAB                        ; OFF                                       ;
;     -- DEDICATED_MULTIPLIER_CIRCUITRY ; AUTO                                      ;
;     -- INPUT_A_FIXED_VALUE            ; Bx                                        ;
;     -- INPUT_B_FIXED_VALUE            ; Bx                                        ;
; Entity Instance                       ; coordinate_generator:inst1|lpm_mult:Mult0 ;
;     -- LPM_WIDTHA                     ; 11                                        ;
;     -- LPM_WIDTHB                     ; 32                                        ;
;     -- LPM_WIDTHP                     ; 43                                        ;
;     -- LPM_REPRESENTATION             ; SIGNED                                    ;
;     -- INPUT_A_IS_CONSTANT            ; NO                                        ;
;     -- INPUT_B_IS_CONSTANT            ; NO                                        ;
;     -- USE_EAB                        ; OFF                                       ;
;     -- DEDICATED_MULTIPLIER_CIRCUITRY ; AUTO                                      ;
;     -- INPUT_A_FIXED_VALUE            ; Bx                                        ;
;     -- INPUT_B_FIXED_VALUE            ; Bx                                        ;
+---------------------------------------+-------------------------------------------+


+-----------------------------------------------------+
; Post-Synthesis Netlist Statistics for Top Partition ;
+-----------------------+-----------------------------+
; Type                  ; Count                       ;
+-----------------------+-----------------------------+
; boundary_port         ; 160                         ;
; cycloneiii_ff         ; 160                         ;
;     CLR               ; 16                          ;
;     CLR SCLR          ; 10                          ;
;     ENA               ; 25                          ;
;     ENA CLR           ; 103                         ;
;     plain             ; 6                           ;
; cycloneiii_lcell_comb ; 402                         ;
;     arith             ; 211                         ;
;         2 data inputs ; 113                         ;
;         3 data inputs ; 98                          ;
;     normal            ; 191                         ;
;         0 data inputs ; 3                           ;
;         1 data inputs ; 8                           ;
;         2 data inputs ; 44                          ;
;         3 data inputs ; 61                          ;
;         4 data inputs ; 75                          ;
; cycloneiii_mac_mult   ; 4                           ;
; cycloneiii_mac_out    ; 4                           ;
; cycloneiii_ram_block  ; 72                          ;
;                       ;                             ;
; Max LUT depth         ; 5.00                        ;
; Average LUT depth     ; 2.56                        ;
+-----------------------+-----------------------------+


+-------------------------------+
; Elapsed Time Per Partition    ;
+----------------+--------------+
; Partition Name ; Elapsed Time ;
+----------------+--------------+
; Top            ; 00:00:03     ;
+----------------+--------------+


+-------------------------------+
; Analysis & Synthesis Messages ;
+-------------------------------+
Info: *******************************************************************
Info: Running Quartus Prime Analysis & Synthesis
    Info: Version 18.1.0 Build 625 09/12/2018 SJ Lite Edition
    Info: Processing started: Sun Jul 05 16:59:38 2026
Info: Command: quartus_map --read_settings_files=on --write_settings_files=off FPGA_mandelbrot_explorer -c FPGA_mandelbrot_explorer
Warning (18236): Number of processors has not been specified which may cause overloading on shared machines.  Set the global assignment NUM_PARALLEL_PROCESSORS in your QSF to an appropriate value for best performance.
Info (20030): Parallel compilation is enabled and will use 2 of the 2 processors detected
Info (12021): Found 2 design units, including 1 entities, in source file control_unit.vhd
    Info (12022): Found design unit 1: control_unit-control_unit File: C:/Users/otavi/OneDrive/Documentos/Reconfiguravel/FPGA_mandelbrot_explorer/src/control_unit.vhd Line: 20
    Info (12023): Found entity 1: control_unit File: C:/Users/otavi/OneDrive/Documentos/Reconfiguravel/FPGA_mandelbrot_explorer/src/control_unit.vhd Line: 6
Info (12021): Found 1 design units, including 1 entities, in source file fpga_mandelbrot_explorer.bdf
    Info (12023): Found entity 1: FPGA_mandelbrot_explorer
Info (12021): Found 2 design units, including 1 entities, in source file coordinate_generator.vhd
    Info (12022): Found design unit 1: coordinate_generator-coordinate_generator File: C:/Users/otavi/OneDrive/Documentos/Reconfiguravel/FPGA_mandelbrot_explorer/src/coordinate_generator.vhd Line: 22
    Info (12023): Found entity 1: coordinate_generator File: C:/Users/otavi/OneDrive/Documentos/Reconfiguravel/FPGA_mandelbrot_explorer/src/coordinate_generator.vhd Line: 6
Info (12021): Found 2 design units, including 1 entities, in source file line_scheduler.vhd
    Info (12022): Found design unit 1: line_scheduler-line_scheduler File: C:/Users/otavi/OneDrive/Documentos/Reconfiguravel/FPGA_mandelbrot_explorer/src/line_scheduler.vhd Line: 19
    Info (12023): Found entity 1: line_scheduler File: C:/Users/otavi/OneDrive/Documentos/Reconfiguravel/FPGA_mandelbrot_explorer/src/line_scheduler.vhd Line: 6
Info (12021): Found 2 design units, including 1 entities, in source file mandelbrot_core.vhd
    Info (12022): Found design unit 1: mandelbrot_core-rtl File: C:/Users/otavi/OneDrive/Documentos/Reconfiguravel/FPGA_mandelbrot_explorer/src/mandelbrot_core.vhd Line: 30
    Info (12023): Found entity 1: mandelbrot_core File: C:/Users/otavi/OneDrive/Documentos/Reconfiguravel/FPGA_mandelbrot_explorer/src/mandelbrot_core.vhd Line: 6
Info (12021): Found 2 design units, including 1 entities, in source file mandelbrot_pixel_core.vhd
    Info (12022): Found design unit 1: mandelbrot_pixel_core-mandelbrot_pixel_core File: C:/Users/otavi/OneDrive/Documentos/Reconfiguravel/FPGA_mandelbrot_explorer/src/mandelbrot_pixel_core.vhd Line: 21
    Info (12023): Found entity 1: mandelbrot_pixel_core File: C:/Users/otavi/OneDrive/Documentos/Reconfiguravel/FPGA_mandelbrot_explorer/src/mandelbrot_pixel_core.vhd Line: 6
Info (12021): Found 2 design units, including 1 entities, in source file memory.vhd
    Info (12022): Found design unit 1: memory-SYN File: C:/Users/otavi/OneDrive/Documentos/Reconfiguravel/FPGA_mandelbrot_explorer/src/memory.vhd Line: 56
    Info (12023): Found entity 1: memory File: C:/Users/otavi/OneDrive/Documentos/Reconfiguravel/FPGA_mandelbrot_explorer/src/memory.vhd Line: 42
Info (12021): Found 2 design units, including 1 entities, in source file frame_buffer_controller.vhd
    Info (12022): Found design unit 1: frame_buffer_controller-frame_buffer_controller File: C:/Users/otavi/OneDrive/Documentos/Reconfiguravel/FPGA_mandelbrot_explorer/src/frame_buffer_controller.vhd Line: 33
    Info (12023): Found entity 1: frame_buffer_controller File: C:/Users/otavi/OneDrive/Documentos/Reconfiguravel/FPGA_mandelbrot_explorer/src/frame_buffer_controller.vhd Line: 5
Info (12127): Elaborating entity "FPGA_mandelbrot_explorer" for the top level hierarchy
Warning (275012): Pin "pixel_valid" overlaps another pin, block, or symbol
Info (12128): Elaborating entity "line_scheduler" for hierarchy "line_scheduler:inst2"
Warning (12125): Using design file vga_drvr.vhd, which is not specified as a design file for the current project, but contains definitions for 2 design units and 1 entities in project
    Info (12022): Found design unit 1: VGA_drvr-behavioral File: C:/Users/otavi/OneDrive/Documentos/Reconfiguravel/FPGA_mandelbrot_explorer/src/vga_drvr.vhd Line: 98
    Info (12023): Found entity 1: VGA_drvr File: C:/Users/otavi/OneDrive/Documentos/Reconfiguravel/FPGA_mandelbrot_explorer/src/vga_drvr.vhd Line: 52
Info (12128): Elaborating entity "VGA_drvr" for hierarchy "VGA_drvr:inst3"
Info (12128): Elaborating entity "memory" for hierarchy "memory:inst4"
Info (12128): Elaborating entity "altsyncram" for hierarchy "memory:inst4|altsyncram:altsyncram_component" File: C:/Users/otavi/OneDrive/Documentos/Reconfiguravel/FPGA_mandelbrot_explorer/src/memory.vhd Line: 63
Info (12130): Elaborated megafunction instantiation "memory:inst4|altsyncram:altsyncram_component" File: C:/Users/otavi/OneDrive/Documentos/Reconfiguravel/FPGA_mandelbrot_explorer/src/memory.vhd Line: 63
Info (12133): Instantiated megafunction "memory:inst4|altsyncram:altsyncram_component" with the following parameter: File: C:/Users/otavi/OneDrive/Documentos/Reconfiguravel/FPGA_mandelbrot_explorer/src/memory.vhd Line: 63
    Info (12134): Parameter "address_aclr_a" = "UNUSED"
    Info (12134): Parameter "address_aclr_b" = "NONE"
    Info (12134): Parameter "address_reg_b" = "CLOCK0"
    Info (12134): Parameter "byte_size" = "8"
    Info (12134): Parameter "byteena_aclr_a" = "UNUSED"
    Info (12134): Parameter "byteena_aclr_b" = "NONE"
    Info (12134): Parameter "byteena_reg_b" = "CLOCK1"
    Info (12134): Parameter "clock_enable_core_a" = "USE_INPUT_CLKEN"
    Info (12134): Parameter "clock_enable_core_b" = "USE_INPUT_CLKEN"
    Info (12134): Parameter "clock_enable_input_a" = "BYPASS"
    Info (12134): Parameter "clock_enable_input_b" = "BYPASS"
    Info (12134): Parameter "clock_enable_output_a" = "NORMAL"
    Info (12134): Parameter "clock_enable_output_b" = "BYPASS"
    Info (12134): Parameter "intended_device_family" = "MAX 10"
    Info (12134): Parameter "ecc_pipeline_stage_enabled" = "FALSE"
    Info (12134): Parameter "enable_ecc" = "FALSE"
    Info (12134): Parameter "implement_in_les" = "OFF"
    Info (12134): Parameter "indata_aclr_a" = "UNUSED"
    Info (12134): Parameter "indata_aclr_b" = "NONE"
    Info (12134): Parameter "indata_reg_b" = "CLOCK1"
    Info (12134): Parameter "init_file" = "memory.mif"
    Info (12134): Parameter "init_file_layout" = "PORT_A"
    Info (12134): Parameter "maximum_depth" = "0"
    Info (12134): Parameter "numwords_a" = "65536"
    Info (12134): Parameter "numwords_b" = "65536"
    Info (12134): Parameter "operation_mode" = "DUAL_PORT"
    Info (12134): Parameter "outdata_aclr_a" = "NONE"
    Info (12134): Parameter "outdata_aclr_b" = "NONE"
    Info (12134): Parameter "outdata_reg_a" = "UNREGISTERED"
    Info (12134): Parameter "outdata_reg_b" = "CLOCK0"
    Info (12134): Parameter "power_up_uninitialized" = "FALSE"
    Info (12134): Parameter "ram_block_type" = "AUTO"
    Info (12134): Parameter "rdcontrol_aclr_b" = "NONE"
    Info (12134): Parameter "rdcontrol_reg_b" = "CLOCK0"
    Info (12134): Parameter "read_during_write_mode_mixed_ports" = "DONT_CARE"
    Info (12134): Parameter "read_during_write_mode_port_a" = "NEW_DATA_NO_NBE_READ"
    Info (12134): Parameter "read_during_write_mode_port_b" = "NEW_DATA_NO_NBE_READ"
    Info (12134): Parameter "stratixiv_m144k_allow_dual_clocks" = "ON"
    Info (12134): Parameter "width_a" = "9"
    Info (12134): Parameter "width_b" = "9"
    Info (12134): Parameter "width_byteena_a" = "1"
    Info (12134): Parameter "width_byteena_b" = "1"
    Info (12134): Parameter "width_eccstatus" = "3"
    Info (12134): Parameter "widthad_a" = "16"
    Info (12134): Parameter "widthad_b" = "16"
    Info (12134): Parameter "wrcontrol_aclr_a" = "UNUSED"
    Info (12134): Parameter "wrcontrol_aclr_b" = "NONE"
    Info (12134): Parameter "wrcontrol_wraddress_reg_b" = "CLOCK1"
    Info (12134): Parameter "lpm_hint" = "UNUSED"
    Info (12134): Parameter "lpm_type" = "altsyncram"
Info (12021): Found 1 design units, including 1 entities, in source file db/altsyncram_18q3.tdf
    Info (12023): Found entity 1: altsyncram_18q3 File: C:/Users/otavi/OneDrive/Documentos/Reconfiguravel/FPGA_mandelbrot_explorer/src/db/altsyncram_18q3.tdf Line: 31
Info (12128): Elaborating entity "altsyncram_18q3" for hierarchy "memory:inst4|altsyncram:altsyncram_component|altsyncram_18q3:auto_generated" File: c:/intelfpga_lite/18.1/quartus/libraries/megafunctions/altsyncram.tdf Line: 791
Info (12021): Found 1 design units, including 1 entities, in source file db/decode_h7a.tdf
    Info (12023): Found entity 1: decode_h7a File: C:/Users/otavi/OneDrive/Documentos/Reconfiguravel/FPGA_mandelbrot_explorer/src/db/decode_h7a.tdf Line: 22
Info (12128): Elaborating entity "decode_h7a" for hierarchy "memory:inst4|altsyncram:altsyncram_component|altsyncram_18q3:auto_generated|decode_h7a:decode2" File: C:/Users/otavi/OneDrive/Documentos/Reconfiguravel/FPGA_mandelbrot_explorer/src/db/altsyncram_18q3.tdf Line: 45
Info (12021): Found 1 design units, including 1 entities, in source file db/mux_22b.tdf
    Info (12023): Found entity 1: mux_22b File: C:/Users/otavi/OneDrive/Documentos/Reconfiguravel/FPGA_mandelbrot_explorer/src/db/mux_22b.tdf Line: 22
Info (12128): Elaborating entity "mux_22b" for hierarchy "memory:inst4|altsyncram:altsyncram_component|altsyncram_18q3:auto_generated|mux_22b:mux3" File: C:/Users/otavi/OneDrive/Documentos/Reconfiguravel/FPGA_mandelbrot_explorer/src/db/altsyncram_18q3.tdf Line: 48
Info (12128): Elaborating entity "frame_buffer_controller" for hierarchy "frame_buffer_controller:inst7"
Info (12128): Elaborating entity "coordinate_generator" for hierarchy "coordinate_generator:inst1"
Info (12128): Elaborating entity "control_unit" for hierarchy "control_unit:inst"
Warning (10631): VHDL Process Statement warning at control_unit.vhd(34): inferring latch(es) for signal or variable "x_pos", which holds its previous value in one or more paths through the process File: C:/Users/otavi/OneDrive/Documentos/Reconfiguravel/FPGA_mandelbrot_explorer/src/control_unit.vhd Line: 34
Warning (10631): VHDL Process Statement warning at control_unit.vhd(34): inferring latch(es) for signal or variable "y_pos", which holds its previous value in one or more paths through the process File: C:/Users/otavi/OneDrive/Documentos/Reconfiguravel/FPGA_mandelbrot_explorer/src/control_unit.vhd Line: 34
Info (10041): Inferred latch for "y_pos[0]" at control_unit.vhd(34) File: C:/Users/otavi/OneDrive/Documentos/Reconfiguravel/FPGA_mandelbrot_explorer/src/control_unit.vhd Line: 34
Info (10041): Inferred latch for "y_pos[1]" at control_unit.vhd(34) File: C:/Users/otavi/OneDrive/Documentos/Reconfiguravel/FPGA_mandelbrot_explorer/src/control_unit.vhd Line: 34
Info (10041): Inferred latch for "y_pos[2]" at control_unit.vhd(34) File: C:/Users/otavi/OneDrive/Documentos/Reconfiguravel/FPGA_mandelbrot_explorer/src/control_unit.vhd Line: 34
Info (10041): Inferred latch for "y_pos[3]" at control_unit.vhd(34) File: C:/Users/otavi/OneDrive/Documentos/Reconfiguravel/FPGA_mandelbrot_explorer/src/control_unit.vhd Line: 34
Info (10041): Inferred latch for "y_pos[4]" at control_unit.vhd(34) File: C:/Users/otavi/OneDrive/Documentos/Reconfiguravel/FPGA_mandelbrot_explorer/src/control_unit.vhd Line: 34
Info (10041): Inferred latch for "y_pos[5]" at control_unit.vhd(34) File: C:/Users/otavi/OneDrive/Documentos/Reconfiguravel/FPGA_mandelbrot_explorer/src/control_unit.vhd Line: 34
Info (10041): Inferred latch for "y_pos[6]" at control_unit.vhd(34) File: C:/Users/otavi/OneDrive/Documentos/Reconfiguravel/FPGA_mandelbrot_explorer/src/control_unit.vhd Line: 34
Info (10041): Inferred latch for "y_pos[7]" at control_unit.vhd(34) File: C:/Users/otavi/OneDrive/Documentos/Reconfiguravel/FPGA_mandelbrot_explorer/src/control_unit.vhd Line: 34
Info (10041): Inferred latch for "y_pos[8]" at control_unit.vhd(34) File: C:/Users/otavi/OneDrive/Documentos/Reconfiguravel/FPGA_mandelbrot_explorer/src/control_unit.vhd Line: 34
Info (10041): Inferred latch for "y_pos[9]" at control_unit.vhd(34) File: C:/Users/otavi/OneDrive/Documentos/Reconfiguravel/FPGA_mandelbrot_explorer/src/control_unit.vhd Line: 34
Info (10041): Inferred latch for "y_pos[10]" at control_unit.vhd(34) File: C:/Users/otavi/OneDrive/Documentos/Reconfiguravel/FPGA_mandelbrot_explorer/src/control_unit.vhd Line: 34
Info (10041): Inferred latch for "y_pos[11]" at control_unit.vhd(34) File: C:/Users/otavi/OneDrive/Documentos/Reconfiguravel/FPGA_mandelbrot_explorer/src/control_unit.vhd Line: 34
Info (10041): Inferred latch for "x_pos[0]" at control_unit.vhd(34) File: C:/Users/otavi/OneDrive/Documentos/Reconfiguravel/FPGA_mandelbrot_explorer/src/control_unit.vhd Line: 34
Info (10041): Inferred latch for "x_pos[1]" at control_unit.vhd(34) File: C:/Users/otavi/OneDrive/Documentos/Reconfiguravel/FPGA_mandelbrot_explorer/src/control_unit.vhd Line: 34
Info (10041): Inferred latch for "x_pos[2]" at control_unit.vhd(34) File: C:/Users/otavi/OneDrive/Documentos/Reconfiguravel/FPGA_mandelbrot_explorer/src/control_unit.vhd Line: 34
Info (10041): Inferred latch for "x_pos[3]" at control_unit.vhd(34) File: C:/Users/otavi/OneDrive/Documentos/Reconfiguravel/FPGA_mandelbrot_explorer/src/control_unit.vhd Line: 34
Info (10041): Inferred latch for "x_pos[4]" at control_unit.vhd(34) File: C:/Users/otavi/OneDrive/Documentos/Reconfiguravel/FPGA_mandelbrot_explorer/src/control_unit.vhd Line: 34
Info (10041): Inferred latch for "x_pos[5]" at control_unit.vhd(34) File: C:/Users/otavi/OneDrive/Documentos/Reconfiguravel/FPGA_mandelbrot_explorer/src/control_unit.vhd Line: 34
Info (10041): Inferred latch for "x_pos[6]" at control_unit.vhd(34) File: C:/Users/otavi/OneDrive/Documentos/Reconfiguravel/FPGA_mandelbrot_explorer/src/control_unit.vhd Line: 34
Info (10041): Inferred latch for "x_pos[7]" at control_unit.vhd(34) File: C:/Users/otavi/OneDrive/Documentos/Reconfiguravel/FPGA_mandelbrot_explorer/src/control_unit.vhd Line: 34
Info (10041): Inferred latch for "x_pos[8]" at control_unit.vhd(34) File: C:/Users/otavi/OneDrive/Documentos/Reconfiguravel/FPGA_mandelbrot_explorer/src/control_unit.vhd Line: 34
Info (10041): Inferred latch for "x_pos[9]" at control_unit.vhd(34) File: C:/Users/otavi/OneDrive/Documentos/Reconfiguravel/FPGA_mandelbrot_explorer/src/control_unit.vhd Line: 34
Info (10041): Inferred latch for "x_pos[10]" at control_unit.vhd(34) File: C:/Users/otavi/OneDrive/Documentos/Reconfiguravel/FPGA_mandelbrot_explorer/src/control_unit.vhd Line: 34
Info (10041): Inferred latch for "x_pos[11]" at control_unit.vhd(34) File: C:/Users/otavi/OneDrive/Documentos/Reconfiguravel/FPGA_mandelbrot_explorer/src/control_unit.vhd Line: 34
Info (278001): Inferred 2 megafunctions from design logic
    Info (278003): Inferred multiplier megafunction ("lpm_mult") from the following logic: "coordinate_generator:inst1|Mult1" File: C:/Users/otavi/OneDrive/Documentos/Reconfiguravel/FPGA_mandelbrot_explorer/src/coordinate_generator.vhd Line: 33
    Info (278003): Inferred multiplier megafunction ("lpm_mult") from the following logic: "coordinate_generator:inst1|Mult0" File: C:/Users/otavi/OneDrive/Documentos/Reconfiguravel/FPGA_mandelbrot_explorer/src/coordinate_generator.vhd Line: 32
Info (12130): Elaborated megafunction instantiation "coordinate_generator:inst1|lpm_mult:Mult1" File: C:/Users/otavi/OneDrive/Documentos/Reconfiguravel/FPGA_mandelbrot_explorer/src/coordinate_generator.vhd Line: 33
Info (12133): Instantiated megafunction "coordinate_generator:inst1|lpm_mult:Mult1" with the following parameter: File: C:/Users/otavi/OneDrive/Documentos/Reconfiguravel/FPGA_mandelbrot_explorer/src/coordinate_generator.vhd Line: 33
    Info (12134): Parameter "LPM_WIDTHA" = "11"
    Info (12134): Parameter "LPM_WIDTHB" = "32"
    Info (12134): Parameter "LPM_WIDTHP" = "43"
    Info (12134): Parameter "LPM_WIDTHR" = "43"
    Info (12134): Parameter "LPM_WIDTHS" = "1"
    Info (12134): Parameter "LPM_REPRESENTATION" = "SIGNED"
    Info (12134): Parameter "INPUT_A_IS_CONSTANT" = "NO"
    Info (12134): Parameter "INPUT_B_IS_CONSTANT" = "NO"
    Info (12134): Parameter "MAXIMIZE_SPEED" = "5"
Info (12021): Found 1 design units, including 1 entities, in source file db/mult_kgs.tdf
    Info (12023): Found entity 1: mult_kgs File: C:/Users/otavi/OneDrive/Documentos/Reconfiguravel/FPGA_mandelbrot_explorer/src/db/mult_kgs.tdf Line: 30
Info (13014): Ignored 182 buffer(s)
    Info (13019): Ignored 182 SOFT buffer(s)
Info (13000): Registers with preset signals will power-up high File: C:/Users/otavi/OneDrive/Documentos/Reconfiguravel/FPGA_mandelbrot_explorer/src/control_unit.vhd Line: 36
Info (13003): DEV_CLRn pin will set, and not reset, register with preset signal due to NOT Gate Push-Back
Info (286030): Timing-Driven Synthesis is running
Info (17049): 1 registers lost all their fanouts during netlist optimizations.
Info (16010): Generating hard_block partition "hard_block:auto_generated_inst"
    Info (16011): Adding 0 node(s), including 0 DDIO, 0 PLL, 0 transceiver and 0 LCELL
Info (21057): Implemented 672 device resources after synthesis - the final resource count might be different
    Info (21058): Implemented 53 input pins
    Info (21059): Implemented 107 output pins
    Info (21061): Implemented 432 logic cells
    Info (21064): Implemented 72 RAM segments
    Info (21062): Implemented 8 DSP elements
Info: Quartus Prime Analysis & Synthesis was successful. 0 errors, 5 warnings
    Info: Peak virtual memory: 4823 megabytes
    Info: Processing ended: Sun Jul 05 17:00:14 2026
    Info: Elapsed time: 00:00:36
    Info: Total CPU time (on all processors): 00:00:52


